#-----------------------------------------------------------
# Vivado v2016.2 (64-bit)
# SW Build 1577090 on Thu Jun  2 16:32:40 MDT 2016
# IP Build 1577682 on Fri Jun  3 12:00:54 MDT 2016
# Start of session at: Sun Jul 02 21:24:27 2017
# Process ID: 11336
# Current directory: C:/Users/Kiteu/OneDrive/UEC/Duck Hunt/vivado
# Command line: vivado.exe -gui_launcher_event rodinguilauncherevent9476 C:\Users\Kiteu\OneDrive\UEC\Duck Hunt\vivado\Duck_Hunt.xpr
# Log file: C:/Users/Kiteu/OneDrive/UEC/Duck Hunt/vivado/vivado.log
# Journal file: C:/Users/Kiteu/OneDrive/UEC/Duck Hunt/vivado\vivado.jou
#-----------------------------------------------------------
start_gui
open_project {C:/Users/Kiteu/OneDrive/UEC/Duck Hunt/vivado/Duck_Hunt.xpr}
update_compile_order -fileset sources_1
update_compile_order -fileset sim_1
update_compile_order -fileset sources_1
update_files -from_files {{C:/Users/Kiteu/OneDrive/UEC/Duck Hunt/src/blanker.v}} -to_files {{C:/Users/Kiteu/OneDrive/UEC/Duck Hunt/src/blanker.v}} -filesets [get_filesets *]
